2026-08-20 11:35:34,774 - jax._src.xla_bridge - INFO - Unable to initialize backend 'tpu': INTERNAL: Failed to open libtpu.so: dlopen(libtpu.so, 0x0001): tried: 'libtpu.so' (no such file), '/System/Volumes/Preboot/Cryptexes/OSlibtpu.so' (no such file), '/Users/hstacey/packages/miniforge3/envs/autolens_native/bin/../lib/libtpu.so' (no such file), '/usr/lib/libtpu.so' (no such file, not in dyld cache), 'libtpu.so' (no such file)
2026-08-20 11:35:35,690 - src.deconv.pipeline - INFO - Grids: fov=5.0000", source_pixel_scale=0.156781", mesh_shape=(40, 40), mask=80² @ 0.125" (science=40², pad=20 pix, radius=5.0000")
2026-08-20 11:35:35,691 - src.deconv.pipeline - INFO - Cube mode: fitting regularization on MFS collapse first.
2026-08-20 11:35:36,302 - src.deconv.search - INFO - LBFGS optimization: number_of_cores=1, kwargs={'maxiter': 200}
2026-08-20 11:35:36,302 - autoarray.dataset.interferometer.dataset - INFO - INTERFEROMETER - Computing NUFFT Precision Operator; runtime scales with visibility count and mask resolution, CPU run times may exceed hours.
2026-08-20 11:35:41,748 - autoarray.inversion.inversion.interferometer.inversion_interferometer_util - INFO - INTERFEROMETER - Finished W-Tilde (JAX) in 5.243 seconds
2026-08-20 11:35:49,156 - src.deconv.pipeline - INFO - Freezing regularization coefficient=1 for channels
2026-08-20 11:35:49,163 - src.deconv.pipeline - INFO - Cube channel 1 / 24
2026-08-20 11:35:49,316 - src.deconv.search - INFO - LBFGS optimization: number_of_cores=1, kwargs={'maxiter': 200}
2026-08-20 11:35:49,316 - autoarray.dataset.interferometer.dataset - INFO - INTERFEROMETER - Computing NUFFT Precision Operator; runtime scales with visibility count and mask resolution, CPU run times may exceed hours.
2026-08-20 11:35:54,500 - autoarray.inversion.inversion.interferometer.inversion_interferometer_util - INFO - INTERFEROMETER - Finished W-Tilde (JAX) in 5.181 seconds
2026-08-20 11:35:56,083 - src.deconv.pipeline - INFO - Cube channel 2 / 24
2026-08-20 11:35:56,233 - src.deconv.search - INFO - LBFGS optimization: number_of_cores=1, kwargs={'maxiter': 200}
2026-08-20 11:35:56,234 - autoarray.dataset.interferometer.dataset - INFO - INTERFEROMETER - Computing NUFFT Precision Operator; runtime scales with visibility count and mask resolution, CPU run times may exceed hours.
2026-08-20 11:36:01,452 - autoarray.inversion.inversion.interferometer.inversion_interferometer_util - INFO - INTERFEROMETER - Finished W-Tilde (JAX) in 5.216 seconds
2026-08-20 11:36:02,995 - src.deconv.pipeline - INFO - Cube channel 3 / 24
2026-08-20 11:36:03,142 - src.deconv.search - INFO - LBFGS optimization: number_of_cores=1, kwargs={'maxiter': 200}
2026-08-20 11:36:03,142 - autoarray.dataset.interferometer.dataset - INFO - INTERFEROMETER - Computing NUFFT Precision Operator; runtime scales with visibility count and mask resolution, CPU run times may exceed hours.
2026-08-20 11:36:08,316 - autoarray.inversion.inversion.interferometer.inversion_interferometer_util - INFO - INTERFEROMETER - Finished W-Tilde (JAX) in 5.171 seconds
2026-08-20 11:36:09,976 - src.deconv.pipeline - INFO - Cube channel 4 / 24
2026-08-20 11:36:10,128 - src.deconv.search - INFO - LBFGS optimization: number_of_cores=1, kwargs={'maxiter': 200}
2026-08-20 11:36:10,129 - autoarray.dataset.interferometer.dataset - INFO - INTERFEROMETER - Computing NUFFT Precision Operator; runtime scales with visibility count and mask resolution, CPU run times may exceed hours.
2026-08-20 11:36:15,329 - autoarray.inversion.inversion.interferometer.inversion_interferometer_util - INFO - INTERFEROMETER - Finished W-Tilde (JAX) in 5.198 seconds
2026-08-20 11:36:16,844 - src.deconv.pipeline - INFO - Cube channel 5 / 24
2026-08-20 11:36:16,993 - src.deconv.search - INFO - LBFGS optimization: number_of_cores=1, kwargs={'maxiter': 200}
2026-08-20 11:36:16,993 - autoarray.dataset.interferometer.dataset - INFO - INTERFEROMETER - Computing NUFFT Precision Operator; runtime scales with visibility count and mask resolution, CPU run times may exceed hours.
2026-08-20 11:36:22,173 - autoarray.inversion.inversion.interferometer.inversion_interferometer_util - INFO - INTERFEROMETER - Finished W-Tilde (JAX) in 5.176 seconds
2026-08-20 11:36:23,734 - src.deconv.pipeline - INFO - Cube channel 6 / 24
2026-08-20 11:36:23,884 - src.deconv.search - INFO - LBFGS optimization: number_of_cores=1, kwargs={'maxiter': 200}
2026-08-20 11:36:23,885 - autoarray.dataset.interferometer.dataset - INFO - INTERFEROMETER - Computing NUFFT Precision Operator; runtime scales with visibility count and mask resolution, CPU run times may exceed hours.
2026-08-20 11:36:29,059 - autoarray.inversion.inversion.interferometer.inversion_interferometer_util - INFO - INTERFEROMETER - Finished W-Tilde (JAX) in 5.171 seconds
2026-08-20 11:36:30,580 - src.deconv.pipeline - INFO - Cube channel 7 / 24
2026-08-20 11:36:30,731 - src.deconv.search - INFO - LBFGS optimization: number_of_cores=1, kwargs={'maxiter': 200}
2026-08-20 11:36:30,732 - autoarray.dataset.interferometer.dataset - INFO - INTERFEROMETER - Computing NUFFT Precision Operator; runtime scales with visibility count and mask resolution, CPU run times may exceed hours.
2026-08-20 11:36:35,915 - autoarray.inversion.inversion.interferometer.inversion_interferometer_util - INFO - INTERFEROMETER - Finished W-Tilde (JAX) in 5.180 seconds
2026-08-20 11:36:37,439 - src.deconv.pipeline - INFO - Cube channel 8 / 24
2026-08-20 11:36:37,588 - src.deconv.search - INFO - LBFGS optimization: number_of_cores=1, kwargs={'maxiter': 200}
2026-08-20 11:36:37,588 - autoarray.dataset.interferometer.dataset - INFO - INTERFEROMETER - Computing NUFFT Precision Operator; runtime scales with visibility count and mask resolution, CPU run times may exceed hours.
2026-08-20 11:36:42,816 - autoarray.inversion.inversion.interferometer.inversion_interferometer_util - INFO - INTERFEROMETER - Finished W-Tilde (JAX) in 5.224 seconds
2026-08-20 11:36:44,364 - src.deconv.pipeline - INFO - Cube channel 9 / 24
2026-08-20 11:36:44,513 - src.deconv.search - INFO - LBFGS optimization: number_of_cores=1, kwargs={'maxiter': 200}
2026-08-20 11:36:44,513 - autoarray.dataset.interferometer.dataset - INFO - INTERFEROMETER - Computing NUFFT Precision Operator; runtime scales with visibility count and mask resolution, CPU run times may exceed hours.
2026-08-20 11:36:49,694 - autoarray.inversion.inversion.interferometer.inversion_interferometer_util - INFO - INTERFEROMETER - Finished W-Tilde (JAX) in 5.178 seconds
2026-08-20 11:36:51,213 - src.deconv.pipeline - INFO - Cube channel 10 / 24
2026-08-20 11:36:51,364 - src.deconv.search - INFO - LBFGS optimization: number_of_cores=1, kwargs={'maxiter': 200}
2026-08-20 11:36:51,365 - autoarray.dataset.interferometer.dataset - INFO - INTERFEROMETER - Computing NUFFT Precision Operator; runtime scales with visibility count and mask resolution, CPU run times may exceed hours.
2026-08-20 11:36:56,568 - autoarray.inversion.inversion.interferometer.inversion_interferometer_util - INFO - INTERFEROMETER - Finished W-Tilde (JAX) in 5.201 seconds
2026-08-20 11:36:58,101 - src.deconv.pipeline - INFO - Cube channel 11 / 24
2026-08-20 11:36:58,252 - src.deconv.search - INFO - LBFGS optimization: number_of_cores=1, kwargs={'maxiter': 200}
2026-08-20 11:36:58,253 - autoarray.dataset.interferometer.dataset - INFO - INTERFEROMETER - Computing NUFFT Precision Operator; runtime scales with visibility count and mask resolution, CPU run times may exceed hours.
2026-08-20 11:37:03,438 - autoarray.inversion.inversion.interferometer.inversion_interferometer_util - INFO - INTERFEROMETER - Finished W-Tilde (JAX) in 5.182 seconds
2026-08-20 11:37:05,046 - src.deconv.pipeline - INFO - Cube channel 12 / 24
2026-08-20 11:37:05,195 - src.deconv.search - INFO - LBFGS optimization: number_of_cores=1, kwargs={'maxiter': 200}
2026-08-20 11:37:05,195 - autoarray.dataset.interferometer.dataset - INFO - INTERFEROMETER - Computing NUFFT Precision Operator; runtime scales with visibility count and mask resolution, CPU run times may exceed hours.
2026-08-20 11:37:10,359 - autoarray.inversion.inversion.interferometer.inversion_interferometer_util - INFO - INTERFEROMETER - Finished W-Tilde (JAX) in 5.161 seconds
2026-08-20 11:37:11,893 - src.deconv.pipeline - INFO - Cube channel 13 / 24
2026-08-20 11:37:12,043 - src.deconv.search - INFO - LBFGS optimization: number_of_cores=1, kwargs={'maxiter': 200}
2026-08-20 11:37:12,044 - autoarray.dataset.interferometer.dataset - INFO - INTERFEROMETER - Computing NUFFT Precision Operator; runtime scales with visibility count and mask resolution, CPU run times may exceed hours.
2026-08-20 11:37:17,233 - autoarray.inversion.inversion.interferometer.inversion_interferometer_util - INFO - INTERFEROMETER - Finished W-Tilde (JAX) in 5.186 seconds
2026-08-20 11:37:18,792 - src.deconv.pipeline - INFO - Cube channel 14 / 24
2026-08-20 11:37:18,945 - src.deconv.search - INFO - LBFGS optimization: number_of_cores=1, kwargs={'maxiter': 200}
2026-08-20 11:37:18,946 - autoarray.dataset.interferometer.dataset - INFO - INTERFEROMETER - Computing NUFFT Precision Operator; runtime scales with visibility count and mask resolution, CPU run times may exceed hours.
2026-08-20 11:37:24,119 - autoarray.inversion.inversion.interferometer.inversion_interferometer_util - INFO - INTERFEROMETER - Finished W-Tilde (JAX) in 5.170 seconds
2026-08-20 11:37:25,711 - src.deconv.pipeline - INFO - Cube channel 15 / 24
2026-08-20 11:37:25,860 - src.deconv.search - INFO - LBFGS optimization: number_of_cores=1, kwargs={'maxiter': 200}
2026-08-20 11:37:25,860 - autoarray.dataset.interferometer.dataset - INFO - INTERFEROMETER - Computing NUFFT Precision Operator; runtime scales with visibility count and mask resolution, CPU run times may exceed hours.
2026-08-20 11:37:31,018 - autoarray.inversion.inversion.interferometer.inversion_interferometer_util - INFO - INTERFEROMETER - Finished W-Tilde (JAX) in 5.155 seconds
2026-08-20 11:37:32,502 - src.deconv.pipeline - INFO - Cube channel 16 / 24
2026-08-20 11:37:32,656 - src.deconv.search - INFO - LBFGS optimization: number_of_cores=1, kwargs={'maxiter': 200}
2026-08-20 11:37:32,656 - autoarray.dataset.interferometer.dataset - INFO - INTERFEROMETER - Computing NUFFT Precision Operator; runtime scales with visibility count and mask resolution, CPU run times may exceed hours.
2026-08-20 11:37:37,805 - autoarray.inversion.inversion.interferometer.inversion_interferometer_util - INFO - INTERFEROMETER - Finished W-Tilde (JAX) in 5.146 seconds
2026-08-20 11:37:39,323 - src.deconv.pipeline - INFO - Cube channel 17 / 24
2026-08-20 11:37:39,475 - src.deconv.search - INFO - LBFGS optimization: number_of_cores=1, kwargs={'maxiter': 200}
2026-08-20 11:37:39,475 - autoarray.dataset.interferometer.dataset - INFO - INTERFEROMETER - Computing NUFFT Precision Operator; runtime scales with visibility count and mask resolution, CPU run times may exceed hours.
2026-08-20 11:37:44,672 - autoarray.inversion.inversion.interferometer.inversion_interferometer_util - INFO - INTERFEROMETER - Finished W-Tilde (JAX) in 5.193 seconds
2026-08-20 11:37:46,172 - src.deconv.pipeline - INFO - Cube channel 18 / 24
2026-08-20 11:37:46,323 - src.deconv.search - INFO - LBFGS optimization: number_of_cores=1, kwargs={'maxiter': 200}
2026-08-20 11:37:46,324 - autoarray.dataset.interferometer.dataset - INFO - INTERFEROMETER - Computing NUFFT Precision Operator; runtime scales with visibility count and mask resolution, CPU run times may exceed hours.
2026-08-20 11:37:51,481 - autoarray.inversion.inversion.interferometer.inversion_interferometer_util - INFO - INTERFEROMETER - Finished W-Tilde (JAX) in 5.154 seconds
2026-08-20 11:37:52,999 - src.deconv.pipeline - INFO - Cube channel 19 / 24
2026-08-20 11:37:53,147 - src.deconv.search - INFO - LBFGS optimization: number_of_cores=1, kwargs={'maxiter': 200}
2026-08-20 11:37:53,147 - autoarray.dataset.interferometer.dataset - INFO - INTERFEROMETER - Computing NUFFT Precision Operator; runtime scales with visibility count and mask resolution, CPU run times may exceed hours.
2026-08-20 11:37:58,307 - autoarray.inversion.inversion.interferometer.inversion_interferometer_util - INFO - INTERFEROMETER - Finished W-Tilde (JAX) in 5.157 seconds
2026-08-20 11:37:59,820 - src.deconv.pipeline - INFO - Cube channel 20 / 24
2026-08-20 11:37:59,972 - src.deconv.search - INFO - LBFGS optimization: number_of_cores=1, kwargs={'maxiter': 200}
2026-08-20 11:37:59,972 - autoarray.dataset.interferometer.dataset - INFO - INTERFEROMETER - Computing NUFFT Precision Operator; runtime scales with visibility count and mask resolution, CPU run times may exceed hours.
2026-08-20 11:38:05,129 - autoarray.inversion.inversion.interferometer.inversion_interferometer_util - INFO - INTERFEROMETER - Finished W-Tilde (JAX) in 5.154 seconds
2026-08-20 11:38:06,748 - src.deconv.pipeline - INFO - Cube channel 21 / 24
2026-08-20 11:38:06,903 - src.deconv.search - INFO - LBFGS optimization: number_of_cores=1, kwargs={'maxiter': 200}
2026-08-20 11:38:06,904 - autoarray.dataset.interferometer.dataset - INFO - INTERFEROMETER - Computing NUFFT Precision Operator; runtime scales with visibility count and mask resolution, CPU run times may exceed hours.
2026-08-20 11:38:12,069 - autoarray.inversion.inversion.interferometer.inversion_interferometer_util - INFO - INTERFEROMETER - Finished W-Tilde (JAX) in 5.162 seconds
2026-08-20 11:38:13,648 - src.deconv.pipeline - INFO - Cube channel 22 / 24
2026-08-20 11:38:13,797 - src.deconv.search - INFO - LBFGS optimization: number_of_cores=1, kwargs={'maxiter': 200}
2026-08-20 11:38:13,797 - autoarray.dataset.interferometer.dataset - INFO - INTERFEROMETER - Computing NUFFT Precision Operator; runtime scales with visibility count and mask resolution, CPU run times may exceed hours.
2026-08-20 11:38:19,049 - autoarray.inversion.inversion.interferometer.inversion_interferometer_util - INFO - INTERFEROMETER - Finished W-Tilde (JAX) in 5.248 seconds
2026-08-20 11:38:20,610 - src.deconv.pipeline - INFO - Cube channel 23 / 24
2026-08-20 11:38:20,760 - src.deconv.search - INFO - LBFGS optimization: number_of_cores=1, kwargs={'maxiter': 200}
2026-08-20 11:38:20,760 - autoarray.dataset.interferometer.dataset - INFO - INTERFEROMETER - Computing NUFFT Precision Operator; runtime scales with visibility count and mask resolution, CPU run times may exceed hours.
2026-08-20 11:38:25,954 - autoarray.inversion.inversion.interferometer.inversion_interferometer_util - INFO - INTERFEROMETER - Finished W-Tilde (JAX) in 5.191 seconds
2026-08-20 11:38:27,512 - src.deconv.pipeline - INFO - Cube channel 24 / 24
2026-08-20 11:38:27,663 - src.deconv.search - INFO - LBFGS optimization: number_of_cores=1, kwargs={'maxiter': 200}
2026-08-20 11:38:27,663 - autoarray.dataset.interferometer.dataset - INFO - INTERFEROMETER - Computing NUFFT Precision Operator; runtime scales with visibility count and mask resolution, CPU run times may exceed hours.
2026-08-20 11:38:32,836 - autoarray.inversion.inversion.interferometer.inversion_interferometer_util - INFO - INTERFEROMETER - Finished W-Tilde (JAX) in 5.170 seconds
2026-08-20 11:38:34,418 - src.deconv.pipeline - INFO - Wrote cube reconstruction: output/kinms_mock_unlensed_noisy_cube/reconstruction_cube.fits
Done (cube): output/kinms_mock_unlensed_noisy_cube/reconstruction_cube.fits
