2026-08-20 11:53:12,051 - jax._src.xla_bridge - INFO - Unable to initialize backend 'tpu': INTERNAL: Failed to open libtpu.so: dlopen(libtpu.so, 0x0001): tried: 'libtpu.so' (no such file), '/System/Volumes/Preboot/Cryptexes/OSlibtpu.so' (no such file), '/Users/hstacey/packages/miniforge3/envs/autolens_native/bin/../lib/libtpu.so' (no such file), '/usr/lib/libtpu.so' (no such file, not in dyld cache), 'libtpu.so' (no such file)
2026-08-20 11:53:13,225 - src.deconv.pipeline - INFO - Grids: fov=5.0000", source_pixel_scale=0.156781", mesh_shape=(80, 80), mask=120² @ 0.0625" (science=80², pad=20 pix, radius=3.7500")
2026-08-20 11:53:13,226 - src.deconv.pipeline - INFO - Cube mode: fitting regularization on MFS collapse first.
2026-08-20 11:53:13,909 - src.deconv.search - INFO - LBFGS optimization: number_of_cores=1, kwargs={'maxiter': 200}
2026-08-20 11:53:13,910 - autoarray.dataset.interferometer.dataset - INFO - INTERFEROMETER - Computing NUFFT Precision Operator; runtime scales with visibility count and mask resolution, CPU run times may exceed hours.
2026-08-20 11:53:25,363 - autoarray.inversion.inversion.interferometer.inversion_interferometer_util - INFO - INTERFEROMETER - Finished W-Tilde (JAX) in 11.222 seconds
2026-08-20 11:53:56,398 - src.deconv.pipeline - INFO - Freezing regularization coefficient=1 for channels
2026-08-20 11:53:56,411 - src.deconv.pipeline - INFO - Cube channel 1 / 24
2026-08-20 11:53:56,653 - src.deconv.search - INFO - LBFGS optimization: number_of_cores=1, kwargs={'maxiter': 200}
2026-08-20 11:53:56,653 - autoarray.dataset.interferometer.dataset - INFO - INTERFEROMETER - Computing NUFFT Precision Operator; runtime scales with visibility count and mask resolution, CPU run times may exceed hours.
2026-08-20 11:54:08,085 - autoarray.inversion.inversion.interferometer.inversion_interferometer_util - INFO - INTERFEROMETER - Finished W-Tilde (JAX) in 11.427 seconds
2026-08-20 11:54:32,881 - src.deconv.pipeline - INFO - Cube channel 2 / 24
2026-08-20 11:54:33,041 - src.deconv.search - INFO - LBFGS optimization: number_of_cores=1, kwargs={'maxiter': 200}
2026-08-20 11:54:33,043 - autoarray.dataset.interferometer.dataset - INFO - INTERFEROMETER - Computing NUFFT Precision Operator; runtime scales with visibility count and mask resolution, CPU run times may exceed hours.
2026-08-20 11:54:44,448 - autoarray.inversion.inversion.interferometer.inversion_interferometer_util - INFO - INTERFEROMETER - Finished W-Tilde (JAX) in 11.398 seconds
2026-08-20 11:55:09,375 - src.deconv.pipeline - INFO - Cube channel 3 / 24
2026-08-20 11:55:09,529 - src.deconv.search - INFO - LBFGS optimization: number_of_cores=1, kwargs={'maxiter': 200}
2026-08-20 11:55:09,530 - autoarray.dataset.interferometer.dataset - INFO - INTERFEROMETER - Computing NUFFT Precision Operator; runtime scales with visibility count and mask resolution, CPU run times may exceed hours.
2026-08-20 11:55:20,755 - autoarray.inversion.inversion.interferometer.inversion_interferometer_util - INFO - INTERFEROMETER - Finished W-Tilde (JAX) in 11.218 seconds
2026-08-20 11:55:45,057 - src.deconv.pipeline - INFO - Cube channel 4 / 24
2026-08-20 11:55:45,211 - src.deconv.search - INFO - LBFGS optimization: number_of_cores=1, kwargs={'maxiter': 200}
2026-08-20 11:55:45,211 - autoarray.dataset.interferometer.dataset - INFO - INTERFEROMETER - Computing NUFFT Precision Operator; runtime scales with visibility count and mask resolution, CPU run times may exceed hours.
2026-08-20 11:55:56,261 - autoarray.inversion.inversion.interferometer.inversion_interferometer_util - INFO - INTERFEROMETER - Finished W-Tilde (JAX) in 11.046 seconds
2026-08-20 11:56:21,662 - src.deconv.pipeline - INFO - Cube channel 5 / 24
2026-08-20 11:56:21,812 - src.deconv.search - INFO - LBFGS optimization: number_of_cores=1, kwargs={'maxiter': 200}
2026-08-20 11:56:21,812 - autoarray.dataset.interferometer.dataset - INFO - INTERFEROMETER - Computing NUFFT Precision Operator; runtime scales with visibility count and mask resolution, CPU run times may exceed hours.
2026-08-20 11:56:32,885 - autoarray.inversion.inversion.interferometer.inversion_interferometer_util - INFO - INTERFEROMETER - Finished W-Tilde (JAX) in 11.068 seconds
2026-08-20 11:56:58,177 - src.deconv.pipeline - INFO - Cube channel 6 / 24
2026-08-20 11:56:58,332 - src.deconv.search - INFO - LBFGS optimization: number_of_cores=1, kwargs={'maxiter': 200}
2026-08-20 11:56:58,333 - autoarray.dataset.interferometer.dataset - INFO - INTERFEROMETER - Computing NUFFT Precision Operator; runtime scales with visibility count and mask resolution, CPU run times may exceed hours.
2026-08-20 11:57:09,564 - autoarray.inversion.inversion.interferometer.inversion_interferometer_util - INFO - INTERFEROMETER - Finished W-Tilde (JAX) in 11.227 seconds
2026-08-20 11:57:35,971 - src.deconv.pipeline - INFO - Cube channel 7 / 24
2026-08-20 11:57:36,126 - src.deconv.search - INFO - LBFGS optimization: number_of_cores=1, kwargs={'maxiter': 200}
2026-08-20 11:57:36,127 - autoarray.dataset.interferometer.dataset - INFO - INTERFEROMETER - Computing NUFFT Precision Operator; runtime scales with visibility count and mask resolution, CPU run times may exceed hours.
2026-08-20 11:57:47,501 - autoarray.inversion.inversion.interferometer.inversion_interferometer_util - INFO - INTERFEROMETER - Finished W-Tilde (JAX) in 11.367 seconds
2026-08-20 11:58:13,629 - src.deconv.pipeline - INFO - Cube channel 8 / 24
2026-08-20 11:58:13,790 - src.deconv.search - INFO - LBFGS optimization: number_of_cores=1, kwargs={'maxiter': 200}
2026-08-20 11:58:13,791 - autoarray.dataset.interferometer.dataset - INFO - INTERFEROMETER - Computing NUFFT Precision Operator; runtime scales with visibility count and mask resolution, CPU run times may exceed hours.
2026-08-20 11:58:25,320 - autoarray.inversion.inversion.interferometer.inversion_interferometer_util - INFO - INTERFEROMETER - Finished W-Tilde (JAX) in 11.522 seconds
2026-08-20 11:58:50,286 - src.deconv.pipeline - INFO - Cube channel 9 / 24
2026-08-20 11:58:50,441 - src.deconv.search - INFO - LBFGS optimization: number_of_cores=1, kwargs={'maxiter': 200}
2026-08-20 11:58:50,443 - autoarray.dataset.interferometer.dataset - INFO - INTERFEROMETER - Computing NUFFT Precision Operator; runtime scales with visibility count and mask resolution, CPU run times may exceed hours.
2026-08-20 11:59:01,643 - autoarray.inversion.inversion.interferometer.inversion_interferometer_util - INFO - INTERFEROMETER - Finished W-Tilde (JAX) in 11.193 seconds
2026-08-20 11:59:27,590 - src.deconv.pipeline - INFO - Cube channel 10 / 24
2026-08-20 11:59:27,745 - src.deconv.search - INFO - LBFGS optimization: number_of_cores=1, kwargs={'maxiter': 200}
2026-08-20 11:59:27,746 - autoarray.dataset.interferometer.dataset - INFO - INTERFEROMETER - Computing NUFFT Precision Operator; runtime scales with visibility count and mask resolution, CPU run times may exceed hours.
2026-08-20 11:59:38,794 - autoarray.inversion.inversion.interferometer.inversion_interferometer_util - INFO - INTERFEROMETER - Finished W-Tilde (JAX) in 11.039 seconds
2026-08-20 12:00:03,672 - src.deconv.pipeline - INFO - Cube channel 11 / 24
2026-08-20 12:00:03,830 - src.deconv.search - INFO - LBFGS optimization: number_of_cores=1, kwargs={'maxiter': 200}
2026-08-20 12:00:03,831 - autoarray.dataset.interferometer.dataset - INFO - INTERFEROMETER - Computing NUFFT Precision Operator; runtime scales with visibility count and mask resolution, CPU run times may exceed hours.
2026-08-20 12:00:14,967 - autoarray.inversion.inversion.interferometer.inversion_interferometer_util - INFO - INTERFEROMETER - Finished W-Tilde (JAX) in 11.129 seconds
2026-08-20 12:00:39,814 - src.deconv.pipeline - INFO - Cube channel 12 / 24
2026-08-20 12:00:39,969 - src.deconv.search - INFO - LBFGS optimization: number_of_cores=1, kwargs={'maxiter': 200}
2026-08-20 12:00:39,969 - autoarray.dataset.interferometer.dataset - INFO - INTERFEROMETER - Computing NUFFT Precision Operator; runtime scales with visibility count and mask resolution, CPU run times may exceed hours.
2026-08-20 12:00:51,309 - autoarray.inversion.inversion.interferometer.inversion_interferometer_util - INFO - INTERFEROMETER - Finished W-Tilde (JAX) in 11.335 seconds
2026-08-20 12:01:16,742 - src.deconv.pipeline - INFO - Cube channel 13 / 24
2026-08-20 12:01:16,897 - src.deconv.search - INFO - LBFGS optimization: number_of_cores=1, kwargs={'maxiter': 200}
2026-08-20 12:01:16,898 - autoarray.dataset.interferometer.dataset - INFO - INTERFEROMETER - Computing NUFFT Precision Operator; runtime scales with visibility count and mask resolution, CPU run times may exceed hours.
2026-08-20 12:01:37,144 - autoarray.inversion.inversion.interferometer.inversion_interferometer_util - INFO - INTERFEROMETER - Finished W-Tilde (JAX) in 20.238 seconds
/Users/hstacey/packages/miniforge3/envs/autolens_native/lib/python3.11/site-packages/jax/_src/compiler.py:833: UserWarning: Error writing persistent compilation cache entry for 'jit_while': PermissionError: [Errno 1] Operation not permitted: '/Users/hstacey/.cache/pyauto_jax/jit_while-e8b594006857dd221e18b926389653fac131c7105b20e09a55a3f442b35a6438-cache'
  warnings.warn(
2026-08-20 12:03:49,992 - src.deconv.pipeline - INFO - Cube channel 14 / 24
2026-08-20 12:03:50,522 - src.deconv.search - INFO - LBFGS optimization: number_of_cores=1, kwargs={'maxiter': 200}
2026-08-20 12:03:50,525 - autoarray.dataset.interferometer.dataset - INFO - INTERFEROMETER - Computing NUFFT Precision Operator; runtime scales with visibility count and mask resolution, CPU run times may exceed hours.
2026-08-20 12:04:25,488 - autoarray.inversion.inversion.interferometer.inversion_interferometer_util - INFO - INTERFEROMETER - Finished W-Tilde (JAX) in 34.943 seconds
2026-08-20 12:05:54,748 - src.deconv.pipeline - INFO - Cube channel 15 / 24
2026-08-20 12:05:55,316 - src.deconv.search - INFO - LBFGS optimization: number_of_cores=1, kwargs={'maxiter': 200}
2026-08-20 12:05:55,318 - autoarray.dataset.interferometer.dataset - INFO - INTERFEROMETER - Computing NUFFT Precision Operator; runtime scales with visibility count and mask resolution, CPU run times may exceed hours.
2026-08-20 12:06:34,718 - autoarray.inversion.inversion.interferometer.inversion_interferometer_util - INFO - INTERFEROMETER - Finished W-Tilde (JAX) in 39.378 seconds
2026-08-20 12:08:25,028 - src.deconv.pipeline - INFO - Cube channel 16 / 24
2026-08-20 12:08:25,451 - src.deconv.search - INFO - LBFGS optimization: number_of_cores=1, kwargs={'maxiter': 200}
2026-08-20 12:08:25,453 - autoarray.dataset.interferometer.dataset - INFO - INTERFEROMETER - Computing NUFFT Precision Operator; runtime scales with visibility count and mask resolution, CPU run times may exceed hours.
2026-08-20 12:09:19,783 - autoarray.inversion.inversion.interferometer.inversion_interferometer_util - INFO - INTERFEROMETER - Finished W-Tilde (JAX) in 54.304 seconds
2026-08-20 12:10:49,878 - src.deconv.pipeline - INFO - Cube channel 17 / 24
2026-08-20 12:10:50,325 - src.deconv.search - INFO - LBFGS optimization: number_of_cores=1, kwargs={'maxiter': 200}
2026-08-20 12:10:50,328 - autoarray.dataset.interferometer.dataset - INFO - INTERFEROMETER - Computing NUFFT Precision Operator; runtime scales with visibility count and mask resolution, CPU run times may exceed hours.
2026-08-20 12:11:19,319 - autoarray.inversion.inversion.interferometer.inversion_interferometer_util - INFO - INTERFEROMETER - Finished W-Tilde (JAX) in 28.970 seconds
2026-08-20 12:30:31,075 - src.deconv.pipeline - INFO - Cube channel 18 / 24
2026-08-20 12:30:31,968 - src.deconv.search - INFO - LBFGS optimization: number_of_cores=1, kwargs={'maxiter': 200}
2026-08-20 12:30:31,971 - autoarray.dataset.interferometer.dataset - INFO - INTERFEROMETER - Computing NUFFT Precision Operator; runtime scales with visibility count and mask resolution, CPU run times may exceed hours.
2026-08-20 12:31:53,478 - autoarray.inversion.inversion.interferometer.inversion_interferometer_util - INFO - INTERFEROMETER - Finished W-Tilde (JAX) in 81.471 seconds
2026-08-20 12:33:12,161 - src.deconv.pipeline - INFO - Cube channel 19 / 24
2026-08-20 12:33:12,554 - src.deconv.search - INFO - LBFGS optimization: number_of_cores=1, kwargs={'maxiter': 200}
2026-08-20 12:33:12,557 - autoarray.dataset.interferometer.dataset - INFO - INTERFEROMETER - Computing NUFFT Precision Operator; runtime scales with visibility count and mask resolution, CPU run times may exceed hours.
2026-08-20 12:33:42,128 - autoarray.inversion.inversion.interferometer.inversion_interferometer_util - INFO - INTERFEROMETER - Finished W-Tilde (JAX) in 29.548 seconds
2026-08-20 12:34:15,778 - src.deconv.pipeline - INFO - Cube channel 20 / 24
2026-08-20 12:34:15,902 - src.deconv.search - INFO - LBFGS optimization: number_of_cores=1, kwargs={'maxiter': 200}
2026-08-20 12:34:15,903 - autoarray.dataset.interferometer.dataset - INFO - INTERFEROMETER - Computing NUFFT Precision Operator; runtime scales with visibility count and mask resolution, CPU run times may exceed hours.
2026-08-20 12:34:25,109 - autoarray.inversion.inversion.interferometer.inversion_interferometer_util - INFO - INTERFEROMETER - Finished W-Tilde (JAX) in 9.200 seconds
2026-08-20 12:34:45,378 - src.deconv.pipeline - INFO - Cube channel 21 / 24
2026-08-20 12:34:45,508 - src.deconv.search - INFO - LBFGS optimization: number_of_cores=1, kwargs={'maxiter': 200}
2026-08-20 12:34:45,509 - autoarray.dataset.interferometer.dataset - INFO - INTERFEROMETER - Computing NUFFT Precision Operator; runtime scales with visibility count and mask resolution, CPU run times may exceed hours.
2026-08-20 12:34:54,686 - autoarray.inversion.inversion.interferometer.inversion_interferometer_util - INFO - INTERFEROMETER - Finished W-Tilde (JAX) in 9.171 seconds
2026-08-20 12:35:13,832 - src.deconv.pipeline - INFO - Cube channel 22 / 24
2026-08-20 12:35:13,957 - src.deconv.search - INFO - LBFGS optimization: number_of_cores=1, kwargs={'maxiter': 200}
2026-08-20 12:35:13,958 - autoarray.dataset.interferometer.dataset - INFO - INTERFEROMETER - Computing NUFFT Precision Operator; runtime scales with visibility count and mask resolution, CPU run times may exceed hours.
2026-08-20 12:35:23,194 - autoarray.inversion.inversion.interferometer.inversion_interferometer_util - INFO - INTERFEROMETER - Finished W-Tilde (JAX) in 9.233 seconds
2026-08-20 12:35:43,250 - src.deconv.pipeline - INFO - Cube channel 23 / 24
2026-08-20 12:35:43,373 - src.deconv.search - INFO - LBFGS optimization: number_of_cores=1, kwargs={'maxiter': 200}
2026-08-20 12:35:43,374 - autoarray.dataset.interferometer.dataset - INFO - INTERFEROMETER - Computing NUFFT Precision Operator; runtime scales with visibility count and mask resolution, CPU run times may exceed hours.
2026-08-20 12:35:52,565 - autoarray.inversion.inversion.interferometer.inversion_interferometer_util - INFO - INTERFEROMETER - Finished W-Tilde (JAX) in 9.188 seconds
2026-08-20 12:36:11,845 - src.deconv.pipeline - INFO - Cube channel 24 / 24
2026-08-20 12:36:11,976 - src.deconv.search - INFO - LBFGS optimization: number_of_cores=1, kwargs={'maxiter': 200}
2026-08-20 12:36:11,977 - autoarray.dataset.interferometer.dataset - INFO - INTERFEROMETER - Computing NUFFT Precision Operator; runtime scales with visibility count and mask resolution, CPU run times may exceed hours.
2026-08-20 12:36:21,166 - autoarray.inversion.inversion.interferometer.inversion_interferometer_util - INFO - INTERFEROMETER - Finished W-Tilde (JAX) in 9.185 seconds
2026-08-20 12:36:40,913 - src.deconv.pipeline - INFO - Wrote cube reconstruction: output/kinms_mock_unlensed_noisy_cube_fine/reconstruction_cube.fits
Done (cube): output/kinms_mock_unlensed_noisy_cube_fine/reconstruction_cube.fits
